name: my_test_func
startLine: 1
endLine: 3
column: 0
