-
    location: { column: 0, endLine: 10, startLine: 10 }
    node: { className: Ray, methodName: rateLimiter, name: 'Ray::rateLimiter', args: {  } }
    snippet: { snippetLineCount: 9, lines: { 6: { selected: false, lineNumber: 6, value: '    echo strtoupper(''test'') . PHP_EOL;', isSelected: false }, 7: { selected: false, lineNumber: 7, value: '', isSelected: false }, 8: { selected: false, lineNumber: 8, value: '    function test1()', isSelected: false }, 9: { selected: false, lineNumber: 9, value: '    {', isSelected: false }, 10: { selected: true, lineNumber: 10, value: '        Ray::rateLimiter()->count(5);', isSelected: true }, 11: { selected: false, lineNumber: 11, value: '    }', isSelected: false }, 12: { selected: false, lineNumber: 12, value: '', isSelected: false }, 13: { selected: false, lineNumber: 13, value: '    $obj = new MyClass();', isSelected: false }, 14: { selected: false, lineNumber: 14, value: '', isSelected: false } }, lineNumberStart: 10, lineNumberEnd: 10 }
