-
    location: { column: 0, endLine: 2, startLine: 2 }
    node: { name: strtolower, args: [{ value: test }] }
    snippet: { code: { 1: '<?php', 2: '$myVar = strtolower(''test'');' }, lineNumber: 2 }
