-
    location: { column: 0, endLine: 6, startLine: 3 }
    node: { args: [{ type: Param, default: null, location: { column: 0, endLine: 3, startLine: 3 }, name: one }], name: testFive, location: { column: 0, endLine: 6, startLine: 3 } }
    snippet: null
