-
    location: { column: 0, endLine: 1, startLine: 1 }
    node: { variableName: obj, methodName: methodTwo, name: $obj->methodTwo, args: [{ className: MyModel, methodName: find, name: 'MyModel::find', args: [{ value: 1 }] }, { variableName: obj, methodName: methodOne, name: $obj->methodOne, args: [{ value: two }, { value: [{ key: null, value: { value: 2 } }, { key: null, value: { value: 3 } }] }] }, { value: [{ key: null, value: { name: this } }, { key: null, value: { value: handlerMethod } }] }] }
    snippet: { snippetLineCount: 1, lines: { 1: { selected: true, lineNumber: 1, value: '<?php $obj->methodTwo(MyModel::find(1), $obj->methodOne(''two'', [2, 3]), [$this, ''handlerMethod'']);', isSelected: true } }, lineNumberStart: 1, lineNumberEnd: 1 }
