-
    location: { column: 0, endLine: 4, startLine: 4 }
    node: { variableName: myVar2, value: [{ key: null, value: { value: 1 } }, { key: null, value: { value: 2 } }, { key: null, value: { value: 3 } }], name: myVar2 }
    snippet: { snippetLineCount: 8, lines: { 1: { selected: false, lineNumber: 1, value: '<?php', isSelected: false }, 2: { selected: false, lineNumber: 2, value: '                $myVar = $obj->methodTwo(MyModel::find(1), $obj->methodOne(''two'', [2, 3]), [$this, ''handlerMethod'']);', isSelected: false }, 3: { selected: false, lineNumber: 3, value: '', isSelected: false }, 4: { selected: true, lineNumber: 4, value: '                $myVar2 = [1, 2, 3];', isSelected: true }, 5: { selected: false, lineNumber: 5, value: '                $myVar2 = [...$myVar2, $myVar->someProp, 4, 5, 6];', isSelected: false }, 6: { selected: false, lineNumber: 6, value: '                $myVar2 = [''one'' => 1, ''two'' => $anotherVar->someMethod()];', isSelected: false } }, lineNumberStart: 4, lineNumberEnd: 4 }
-
    location: { column: 0, endLine: 5, startLine: 5 }
    node: { variableName: myVar2, value: [{ key: null, value: { name: myVar2 } }, { key: null, value: { objectName: myVar, propertyName: someProp } }, { key: null, value: { value: 4 } }, { key: null, value: { value: 5 } }, { key: null, value: { value: 6 } }], name: myVar2 }
    snippet: { snippetLineCount: 8, lines: { 1: { selected: false, lineNumber: 1, value: '<?php', isSelected: false }, 2: { selected: false, lineNumber: 2, value: '                $myVar = $obj->methodTwo(MyModel::find(1), $obj->methodOne(''two'', [2, 3]), [$this, ''handlerMethod'']);', isSelected: false }, 3: { selected: false, lineNumber: 3, value: '', isSelected: false }, 4: { selected: false, lineNumber: 4, value: '                $myVar2 = [1, 2, 3];', isSelected: false }, 5: { selected: true, lineNumber: 5, value: '                $myVar2 = [...$myVar2, $myVar->someProp, 4, 5, 6];', isSelected: true }, 6: { selected: false, lineNumber: 6, value: '                $myVar2 = [''one'' => 1, ''two'' => $anotherVar->someMethod()];', isSelected: false } }, lineNumberStart: 5, lineNumberEnd: 5 }
-
    location: { column: 0, endLine: 6, startLine: 6 }
    node: { variableName: myVar2, value: [{ key: { value: one }, value: { value: 1 } }, { key: { value: two }, value: { variableName: anotherVar, methodName: someMethod, name: $anotherVar->someMethod, args: {  } } }], name: myVar2 }
    snippet: { snippetLineCount: 8, lines: { 1: { selected: false, lineNumber: 1, value: '<?php', isSelected: false }, 2: { selected: false, lineNumber: 2, value: '                $myVar = $obj->methodTwo(MyModel::find(1), $obj->methodOne(''two'', [2, 3]), [$this, ''handlerMethod'']);', isSelected: false }, 3: { selected: false, lineNumber: 3, value: '', isSelected: false }, 4: { selected: false, lineNumber: 4, value: '                $myVar2 = [1, 2, 3];', isSelected: false }, 5: { selected: false, lineNumber: 5, value: '                $myVar2 = [...$myVar2, $myVar->someProp, 4, 5, 6];', isSelected: false }, 6: { selected: true, lineNumber: 6, value: '                $myVar2 = [''one'' => 1, ''two'' => $anotherVar->someMethod()];', isSelected: true } }, lineNumberStart: 6, lineNumberEnd: 6 }
