-
    location: { name: strtolower, column: 0, endLine: 4, startLine: 4 }
    snippet: null
-
    location: { name: strtoupper, column: 0, endLine: 6, startLine: 6 }
    snippet: null
