-
    location: { column: 0, endLine: 18, startLine: 18 }
    node: { className: AnotherClass, methodName: enabled, name: 'AnotherClass::enabled', args: {  } }
    snippet: { snippetLineCount: 9, lines: { 10: { selected: false, lineNumber: 10, value: '        Ray::rateLimiter()->count(5);', isSelected: false }, 11: { selected: false, lineNumber: 11, value: '    }', isSelected: false }, 12: { selected: false, lineNumber: 12, value: '', isSelected: false }, 13: { selected: false, lineNumber: 13, value: '    $obj = new MyClass();', isSelected: false }, 14: { selected: false, lineNumber: 14, value: '', isSelected: false }, 15: { selected: false, lineNumber: 15, value: '    $obj->withData([123])->send();', isSelected: false }, 16: { selected: false, lineNumber: 16, value: '', isSelected: false }, 17: { selected: false, lineNumber: 17, value: '    $isDisabled = AnotherClass::disabled();', isSelected: false }, 18: { selected: true, lineNumber: 18, value: '    $isEnabled = AnotherClass::enabled();', isSelected: true } }, lineNumberStart: 18, lineNumberEnd: 18 }
