-
    location: { column: 0, endLine: 2, startLine: 2 }
    node: { variableName: obj, value: { symbol: ., left: { value: 'hello ' }, right: { value: world }, value: '''hello '' . ''world''' }, name: obj }
    snippet: { snippetLineCount: 8, lines: { 1: { selected: false, lineNumber: 1, value: '<?php', isSelected: false }, 2: { selected: true, lineNumber: 2, value: '                $obj = ''hello '' . ''world'';', isSelected: true } }, lineNumberStart: 2, lineNumberEnd: 2 }
